*5
$5
RPUSH
$4
list
$1
d
$1
e
$1
a
*4
$4
SADD
$3
set
$1
b
$1
c
*3
$3
SET
$9
watch_key
$7
changed
*3
$3
SET
$6
uw_key
$7
success
*3
$3
SET
$3
key
$8
modified
*3
$3
SET
$3
key
$3
new
*3
$3
SET
$1
a
$1
1
*3
$3
SET
$1
b
$1
2
*3
$3
SET
$3
key
$5
value
*3
$3
SET
$3
key
$5
value
*2
$3
DEL
$3
key
*3
$3
SET
$3
key
$5
value
*3
$3
SET
$4
temp
$6
expire
*3
$6
EXPIRE
$4
temp
$1
2
*5
$5
LPUSH
$4
list
$1
a
$1
b
$1
c
*4
$5
RPUSH
$4
list
$1
x
$1
y
*7
$5
RPUSH
$4
list
$1
a
$1
b
$1
c
$1
d
$1
e
*5
$5
RPUSH
$4
list
$1
a
$1
b
$1
c
*2
$4
LPOP
$4
list
*2
$4
RPOP
$4
list
*2
$4
LPOP
$4
list
*7
$5
RPUSH
$4
list
$1
a
$1
b
$1
c
$1
d
$1
e
*4
$4
LSET
$4
list
$1
0
$1
z
*4
$5
LTRIM
$4
list
$1
1
$1
3
*5
$4
SADD
$3
set
$1
a
$1
b
$1
c
*5
$4
SADD
$3
set
$1
a
$1
b
$1
c
*3
$4
SREM
$3
set
$1
a
*4
$4
HSET
$4
hash
$6
field1
$6
value1
*4
$4
HSET
$4
hash
$6
field1
$8
newvalue
*6
$4
HSET
$4
hash
$2
f1
$2
v1
$2
f2
$2
v2
*3
$4
HDEL
$4
hash
$2
f1
*3
$3
SET
$6
tx_key
$6
value1
*4
$5
LPUSH
$7
tx_list
$1
a
$1
b
*3
$3
SET
$9
watch_key
$7
changed
*3
$3
SET
$3
key
$8
modified
*3
$3
SET
$3
key
$3
new
*3
$3
SET
$1
a
$1
1
*3
$3
SET
$1
b
$1
2
*3
$3
SET
$3
key
$5
value
*3
$3
SET
$3
key
$5
value
*2
$3
DEL
$3
key
*3
$3
SET
$3
key
$5
value
*3
$3
SET
$4
temp
$6
expire
*3
$6
EXPIRE
$4
temp
$1
2
*5
$5
LPUSH
$4
list
$1
a
$1
b
$1
c
*4
$5
RPUSH
$4
list
$1
x
$1
y
*7
$5
RPUSH
$4
list
$1
a
$1
b
$1
c
$1
d
$1
e
*5
$5
RPUSH
$4
list
$1
a
$1
b
$1
c
*2
$4
LPOP
$4
list
*2
$4
RPOP
$4
list
*2
$4
LPOP
$4
list
*7
$5
RPUSH
$4
list
$1
a
$1
b
$1
c
$1
d
$1
e
*4
$4
LSET
$4
list
$1
0
$1
z
*4
$5
LTRIM
$4
list
$1
1
$1
3
*5
$4
SADD
$3
set
$1
a
$1
b
$1
c
*5
$4
SADD
$3
set
$1
a
$1
b
$1
c
*3
$4
SREM
$3
set
$1
a
*4
$4
HSET
$4
hash
$6
field1
$6
value1
*4
$4
HSET
$4
hash
$6
field1
$8
newvalue
*6
$4
HSET
$4
hash
$2
f1
$2
v1
$2
f2
$2
v2
*3
$4
HDEL
$4
hash
$2
f1
*3
$3
SET
$6
tx_key
$6
value1
*4
$5
LPUSH
$7
tx_list
$1
a
$1
b
*3
$3
SET
$9
watch_key
$7
changed
*3
$3
SET
$3
key
$8
modified
*3
$3
SET
$3
key
$3
new
*3
$3
SET
$1
a
$1
1
*3
$3
SET
$1
b
$1
2
*3
$3
SET
$3
key
$5
value
*3
$3
SET
$3
key
$5
value
*2
$3
DEL
$3
key
*3
$3
SET
$3
key
$5
value
*3
$3
SET
$4
temp
$6
expire
*3
$6
EXPIRE
$4
temp
$1
2
*5
$5
LPUSH
$4
list
$1
a
$1
b
$1
c
*4
$5
RPUSH
$4
list
$1
x
$1
y
*7
$5
RPUSH
$4
list
$1
a
$1
b
$1
c
$1
d
$1
e
*5
$5
RPUSH
$4
list
$1
a
$1
b
$1
c
*2
$4
LPOP
$4
list
*2
$4
RPOP
$4
list
*2
$4
LPOP
$4
list
*7
$5
RPUSH
$4
list
$1
a
$1
b
$1
c
$1
d
$1
e
*4
$4
LSET
$4
list
$1
0
$1
z
*4
$5
LTRIM
$4
list
$1
1
$1
3
*5
$4
SADD
$3
set
$1
a
$1
b
$1
c
*5
$4
SADD
$3
set
$1
a
$1
b
$1
c
*3
$4
SREM
$3
set
$1
a
*4
$4
HSET
$4
hash
$6
field1
$6
value1
*4
$4
HSET
$4
hash
$6
field1
$8
newvalue
*6
$4
HSET
$4
hash
$2
f1
$2
v1
$2
f2
$2
v2
*3
$4
HDEL
$4
hash
$2
f1
*3
$3
SET
$6
tx_key
$6
value1
*4
$5
LPUSH
$7
tx_list
$1
a
$1
b
*3
$3
SET
$9
watch_key
$7
changed
*3
$3
SET
$3
key
$8
modified
*3
$3
SET
$3
key
$3
new
*3
$3
SET
$1
a
$1
1
*3
$3
SET
$1
b
$1
2
